2026-05-15 05:27:02,260 [INFO] Credentials saved → saved_credentials.json
2026-05-15 05:27:02,302 [INFO] ====== WebDriver manager ======
2026-05-15 05:27:19,687 [INFO] Get LATEST chromedriver version for google-chrome
2026-05-15 05:27:19,816 [INFO] Get LATEST chromedriver version for google-chrome
2026-05-15 05:27:19,919 [INFO] Driver [C:\Users\mayob\.wdm\drivers\chromedriver\win64\148.0.7778.167\chromedriver-win32/chromedriver.exe] found in cache
2026-05-15 05:27:21,935 [INFO] Found saved cookies — attempting to restore session...
2026-05-15 05:27:30,204 [INFO] Session restored — login skipped!
2026-05-15 05:27:30,220 [INFO] Username list saved → saved_usernames.json (12 entries)
2026-05-15 05:27:30,245 [INFO] Opening profile @zou_8u...
2026-05-15 05:27:49,268 [INFO] Message sent to @zou_8u
2026-05-15 05:27:54,277 [INFO] Opening profile @xellzqx...
2026-05-15 05:28:11,307 [INFO] Message sent to @xellzqx
2026-05-15 05:28:16,313 [INFO] Opening profile @unodostres_191...
2026-05-15 05:28:31,512 [INFO] Message sent to @unodostres_191
2026-05-15 05:28:36,516 [INFO] Opening profile @eltrenggiling...
2026-05-15 05:28:51,455 [INFO] Message sent to @eltrenggiling
2026-05-15 05:28:56,463 [INFO] Opening profile @revandrafransisco...
2026-05-15 05:29:15,116 [INFO] Message sent to @revandrafransisco
2026-05-15 05:29:20,132 [INFO] Opening profile @tian12333...
2026-05-15 05:29:34,567 [INFO] Message sent to @tian12333
2026-05-15 05:29:39,599 [INFO] Opening profile @michaell_7777...
2026-05-15 05:30:09,600 [INFO] Message sent to @michaell_7777
2026-05-15 05:30:14,625 [INFO] Opening profile @peazne...
2026-05-15 05:30:18,244 [ERROR] Failed to send to @peazne: ('Connection aborted.', ConnectionResetError(10054, 'An existing connection was forcibly closed by the remote host', None, 10054, None))
2026-05-15 05:30:23,260 [INFO] Opening profile @notvenn17...
2026-05-15 05:32:13,390 [INFO] Credentials saved → saved_credentials.json
2026-05-15 05:32:13,406 [INFO] ====== WebDriver manager ======
2026-05-15 05:32:29,845 [INFO] Get LATEST chromedriver version for google-chrome
2026-05-15 05:32:29,958 [INFO] Get LATEST chromedriver version for google-chrome
2026-05-15 05:32:30,039 [INFO] Driver [C:\Users\mayob\.wdm\drivers\chromedriver\win64\148.0.7778.167\chromedriver-win32/chromedriver.exe] found in cache
2026-05-15 05:32:32,055 [INFO] Found saved cookies — attempting to restore session...
2026-05-15 05:32:42,119 [INFO] Session restored — login skipped!
2026-05-15 05:32:42,120 [INFO] Username list saved → saved_usernames.json (12 entries)
2026-05-15 05:32:42,122 [INFO] Opening profile @zou_8u...
2026-05-15 05:32:59,474 [ERROR] Failed to send to @zou_8u: Message: unknown error: ChromeDriver only supports characters in the BMP
  (Session info: chrome=148.0.7778.97)
Stacktrace:
	chromedriver!GetHandleVerifier [0xed7123+10a23]
	chromedriver!GetHandleVerifier [0xed7254+10b54]
	chromedriver!(No symbol) [0xcf1e90]
	chromedriver!(No symbol) [0xd744a5]
	chromedriver!(No symbol) [0xd3733b]
	chromedriver!(No symbol) [0xd36779]
	chromedriver!(No symbol) [0xd5d78c]
	chromedriver!(No symbol) [0xd31db4]
	chromedriver!(No symbol) [0xd5d954]
	chromedriver!(No symbol) [0xd7a936]
	chromedriver!(No symbol) [0xd5d526]
	chromedriver!(No symbol) [0xd308f9]
	chromedriver!(No symbol) [0xd316b4]
	chromedriver!GetHandleVerifier [0x1171ac4+2ab3c4]
	chromedriver!GetHandleVerifier [0x116d0ed+2a69ed]
	chromedriver!GetHandleVerifier [0x118e4f5+2c7df5]
	chromedriver!GetHandleVerifier [0xef1128+2aa28]
	chromedriver!GetHandleVerifier [0xef8bbd+324bd]
	chromedriver!GetHandleVerifier [0xedfb28+19428]
	chromedriver!GetHandleVerifier [0xedfcd5+195d5]
	chromedriver!GetHandleVerifier [0xec91cf+2acf]
	KERNEL32!BaseThreadInitThunk [0x76ccfcc9+19]
	ntdll!RtlGetAppContainerNamedObjectPath [0x778082ae+11e]
	ntdll!RtlGetAppContainerNamedObjectPath [0x7780827e+ee]

2026-05-15 05:33:04,487 [INFO] Opening profile @xellzqx...
2026-05-15 05:33:17,656 [ERROR] Failed to send to @xellzqx: Message: unknown error: ChromeDriver only supports characters in the BMP
  (Session info: chrome=148.0.7778.97)
Stacktrace:
	chromedriver!GetHandleVerifier [0xed7123+10a23]
	chromedriver!GetHandleVerifier [0xed7254+10b54]
	chromedriver!(No symbol) [0xcf1e90]
	chromedriver!(No symbol) [0xd744a5]
	chromedriver!(No symbol) [0xd3733b]
	chromedriver!(No symbol) [0xd36779]
	chromedriver!(No symbol) [0xd5d78c]
	chromedriver!(No symbol) [0xd31db4]
	chromedriver!(No symbol) [0xd5d954]
	chromedriver!(No symbol) [0xd7a936]
	chromedriver!(No symbol) [0xd5d526]
	chromedriver!(No symbol) [0xd308f9]
	chromedriver!(No symbol) [0xd316b4]
	chromedriver!GetHandleVerifier [0x1171ac4+2ab3c4]
	chromedriver!GetHandleVerifier [0x116d0ed+2a69ed]
	chromedriver!GetHandleVerifier [0x118e4f5+2c7df5]
	chromedriver!GetHandleVerifier [0xef1128+2aa28]
	chromedriver!GetHandleVerifier [0xef8bbd+324bd]
	chromedriver!GetHandleVerifier [0xedfb28+19428]
	chromedriver!GetHandleVerifier [0xedfcd5+195d5]
	chromedriver!GetHandleVerifier [0xec91cf+2acf]
	KERNEL32!BaseThreadInitThunk [0x76ccfcc9+19]
	ntdll!RtlGetAppContainerNamedObjectPath [0x778082ae+11e]
	ntdll!RtlGetAppContainerNamedObjectPath [0x7780827e+ee]

2026-05-15 05:33:22,664 [INFO] Opening profile @unodostres_191...
2026-05-15 05:33:34,646 [ERROR] Failed to send to @unodostres_191: Message: unknown error: ChromeDriver only supports characters in the BMP
  (Session info: chrome=148.0.7778.97)
Stacktrace:
	chromedriver!GetHandleVerifier [0xed7123+10a23]
	chromedriver!GetHandleVerifier [0xed7254+10b54]
	chromedriver!(No symbol) [0xcf1e90]
	chromedriver!(No symbol) [0xd744a5]
	chromedriver!(No symbol) [0xd3733b]
	chromedriver!(No symbol) [0xd36779]
	chromedriver!(No symbol) [0xd5d78c]
	chromedriver!(No symbol) [0xd31db4]
	chromedriver!(No symbol) [0xd5d954]
	chromedriver!(No symbol) [0xd7a936]
	chromedriver!(No symbol) [0xd5d526]
	chromedriver!(No symbol) [0xd308f9]
	chromedriver!(No symbol) [0xd316b4]
	chromedriver!GetHandleVerifier [0x1171ac4+2ab3c4]
	chromedriver!GetHandleVerifier [0x116d0ed+2a69ed]
	chromedriver!GetHandleVerifier [0x118e4f5+2c7df5]
	chromedriver!GetHandleVerifier [0xef1128+2aa28]
	chromedriver!GetHandleVerifier [0xef8bbd+324bd]
	chromedriver!GetHandleVerifier [0xedfb28+19428]
	chromedriver!GetHandleVerifier [0xedfcd5+195d5]
	chromedriver!GetHandleVerifier [0xec91cf+2acf]
	KERNEL32!BaseThreadInitThunk [0x76ccfcc9+19]
	ntdll!RtlGetAppContainerNamedObjectPath [0x778082ae+11e]
	ntdll!RtlGetAppContainerNamedObjectPath [0x7780827e+ee]

2026-05-15 05:33:39,659 [INFO] Opening profile @eltrenggiling...
2026-05-15 05:34:35,178 [INFO] Credentials saved → saved_credentials.json
2026-05-15 05:34:35,195 [INFO] ====== WebDriver manager ======
2026-05-15 05:34:52,600 [INFO] Get LATEST chromedriver version for google-chrome
2026-05-15 05:34:52,718 [INFO] Get LATEST chromedriver version for google-chrome
2026-05-15 05:34:52,846 [INFO] Driver [C:\Users\mayob\.wdm\drivers\chromedriver\win64\148.0.7778.167\chromedriver-win32/chromedriver.exe] found in cache
2026-05-15 05:34:54,978 [INFO] Found saved cookies — attempting to restore session...
2026-05-15 05:35:02,837 [INFO] Session restored — login skipped!
2026-05-15 05:35:02,853 [INFO] Username list saved → saved_usernames.json (12 entries)
2026-05-15 05:35:02,966 [INFO] Opening profile @zou_8u...
2026-05-15 05:35:17,903 [ERROR] Failed to send to @zou_8u: Message: unknown error: ChromeDriver only supports characters in the BMP
  (Session info: chrome=148.0.7778.97)
Stacktrace:
	chromedriver!GetHandleVerifier [0xed7123+10a23]
	chromedriver!GetHandleVerifier [0xed7254+10b54]
	chromedriver!(No symbol) [0xcf1e90]
	chromedriver!(No symbol) [0xd744a5]
	chromedriver!(No symbol) [0xd3733b]
	chromedriver!(No symbol) [0xd36779]
	chromedriver!(No symbol) [0xd5d78c]
	chromedriver!(No symbol) [0xd31db4]
	chromedriver!(No symbol) [0xd5d954]
	chromedriver!(No symbol) [0xd7a936]
	chromedriver!(No symbol) [0xd5d526]
	chromedriver!(No symbol) [0xd308f9]
	chromedriver!(No symbol) [0xd316b4]
	chromedriver!GetHandleVerifier [0x1171ac4+2ab3c4]
	chromedriver!GetHandleVerifier [0x116d0ed+2a69ed]
	chromedriver!GetHandleVerifier [0x118e4f5+2c7df5]
	chromedriver!GetHandleVerifier [0xef1128+2aa28]
	chromedriver!GetHandleVerifier [0xef8bbd+324bd]
	chromedriver!GetHandleVerifier [0xedfb28+19428]
	chromedriver!GetHandleVerifier [0xedfcd5+195d5]
	chromedriver!GetHandleVerifier [0xec91cf+2acf]
	KERNEL32!BaseThreadInitThunk [0x76ccfcc9+19]
	ntdll!RtlGetAppContainerNamedObjectPath [0x778082ae+11e]
	ntdll!RtlGetAppContainerNamedObjectPath [0x7780827e+ee]

2026-05-15 05:35:22,913 [INFO] Opening profile @xellzqx...
2026-05-15 05:35:36,285 [ERROR] Failed to send to @xellzqx: Message: unknown error: ChromeDriver only supports characters in the BMP
  (Session info: chrome=148.0.7778.97)
Stacktrace:
	chromedriver!GetHandleVerifier [0xed7123+10a23]
	chromedriver!GetHandleVerifier [0xed7254+10b54]
	chromedriver!(No symbol) [0xcf1e90]
	chromedriver!(No symbol) [0xd744a5]
	chromedriver!(No symbol) [0xd3733b]
	chromedriver!(No symbol) [0xd36779]
	chromedriver!(No symbol) [0xd5d78c]
	chromedriver!(No symbol) [0xd31db4]
	chromedriver!(No symbol) [0xd5d954]
	chromedriver!(No symbol) [0xd7a936]
	chromedriver!(No symbol) [0xd5d526]
	chromedriver!(No symbol) [0xd308f9]
	chromedriver!(No symbol) [0xd316b4]
	chromedriver!GetHandleVerifier [0x1171ac4+2ab3c4]
	chromedriver!GetHandleVerifier [0x116d0ed+2a69ed]
	chromedriver!GetHandleVerifier [0x118e4f5+2c7df5]
	chromedriver!GetHandleVerifier [0xef1128+2aa28]
	chromedriver!GetHandleVerifier [0xef8bbd+324bd]
	chromedriver!GetHandleVerifier [0xedfb28+19428]
	chromedriver!GetHandleVerifier [0xedfcd5+195d5]
	chromedriver!GetHandleVerifier [0xec91cf+2acf]
	KERNEL32!BaseThreadInitThunk [0x76ccfcc9+19]
	ntdll!RtlGetAppContainerNamedObjectPath [0x778082ae+11e]
	ntdll!RtlGetAppContainerNamedObjectPath [0x7780827e+ee]

2026-05-15 05:35:41,288 [INFO] Opening profile @unodostres_191...
2026-05-15 05:35:53,528 [ERROR] Failed to send to @unodostres_191: Message: unknown error: ChromeDriver only supports characters in the BMP
  (Session info: chrome=148.0.7778.97)
Stacktrace:
	chromedriver!GetHandleVerifier [0xed7123+10a23]
	chromedriver!GetHandleVerifier [0xed7254+10b54]
	chromedriver!(No symbol) [0xcf1e90]
	chromedriver!(No symbol) [0xd744a5]
	chromedriver!(No symbol) [0xd3733b]
	chromedriver!(No symbol) [0xd36779]
	chromedriver!(No symbol) [0xd5d78c]
	chromedriver!(No symbol) [0xd31db4]
	chromedriver!(No symbol) [0xd5d954]
	chromedriver!(No symbol) [0xd7a936]
	chromedriver!(No symbol) [0xd5d526]
	chromedriver!(No symbol) [0xd308f9]
	chromedriver!(No symbol) [0xd316b4]
	chromedriver!GetHandleVerifier [0x1171ac4+2ab3c4]
	chromedriver!GetHandleVerifier [0x116d0ed+2a69ed]
	chromedriver!GetHandleVerifier [0x118e4f5+2c7df5]
	chromedriver!GetHandleVerifier [0xef1128+2aa28]
	chromedriver!GetHandleVerifier [0xef8bbd+324bd]
	chromedriver!GetHandleVerifier [0xedfb28+19428]
	chromedriver!GetHandleVerifier [0xedfcd5+195d5]
	chromedriver!GetHandleVerifier [0xec91cf+2acf]
	KERNEL32!BaseThreadInitThunk [0x76ccfcc9+19]
	ntdll!RtlGetAppContainerNamedObjectPath [0x778082ae+11e]
	ntdll!RtlGetAppContainerNamedObjectPath [0x7780827e+ee]

2026-05-15 05:35:58,531 [INFO] Opening profile @eltrenggiling...
2026-05-15 05:36:13,970 [ERROR] Failed to send to @eltrenggiling: Message: unknown error: ChromeDriver only supports characters in the BMP
  (Session info: chrome=148.0.7778.97)
Stacktrace:
	chromedriver!GetHandleVerifier [0xed7123+10a23]
	chromedriver!GetHandleVerifier [0xed7254+10b54]
	chromedriver!(No symbol) [0xcf1e90]
	chromedriver!(No symbol) [0xd744a5]
	chromedriver!(No symbol) [0xd3733b]
	chromedriver!(No symbol) [0xd36779]
	chromedriver!(No symbol) [0xd5d78c]
	chromedriver!(No symbol) [0xd31db4]
	chromedriver!(No symbol) [0xd5d954]
	chromedriver!(No symbol) [0xd7a936]
	chromedriver!(No symbol) [0xd5d526]
	chromedriver!(No symbol) [0xd308f9]
	chromedriver!(No symbol) [0xd316b4]
	chromedriver!GetHandleVerifier [0x1171ac4+2ab3c4]
	chromedriver!GetHandleVerifier [0x116d0ed+2a69ed]
	chromedriver!GetHandleVerifier [0x118e4f5+2c7df5]
	chromedriver!GetHandleVerifier [0xef1128+2aa28]
	chromedriver!GetHandleVerifier [0xef8bbd+324bd]
	chromedriver!GetHandleVerifier [0xedfb28+19428]
	chromedriver!GetHandleVerifier [0xedfcd5+195d5]
	chromedriver!GetHandleVerifier [0xec91cf+2acf]
	KERNEL32!BaseThreadInitThunk [0x76ccfcc9+19]
	ntdll!RtlGetAppContainerNamedObjectPath [0x778082ae+11e]
	ntdll!RtlGetAppContainerNamedObjectPath [0x7780827e+ee]

2026-05-15 05:36:18,984 [INFO] Opening profile @revandrafransisco...
2026-05-15 05:36:31,733 [ERROR] Failed to send to @revandrafransisco: Message: unknown error: ChromeDriver only supports characters in the BMP
  (Session info: chrome=148.0.7778.97)
Stacktrace:
	chromedriver!GetHandleVerifier [0xed7123+10a23]
	chromedriver!GetHandleVerifier [0xed7254+10b54]
	chromedriver!(No symbol) [0xcf1e90]
	chromedriver!(No symbol) [0xd744a5]
	chromedriver!(No symbol) [0xd3733b]
	chromedriver!(No symbol) [0xd36779]
	chromedriver!(No symbol) [0xd5d78c]
	chromedriver!(No symbol) [0xd31db4]
	chromedriver!(No symbol) [0xd5d954]
	chromedriver!(No symbol) [0xd7a936]
	chromedriver!(No symbol) [0xd5d526]
	chromedriver!(No symbol) [0xd308f9]
	chromedriver!(No symbol) [0xd316b4]
	chromedriver!GetHandleVerifier [0x1171ac4+2ab3c4]
	chromedriver!GetHandleVerifier [0x116d0ed+2a69ed]
	chromedriver!GetHandleVerifier [0x118e4f5+2c7df5]
	chromedriver!GetHandleVerifier [0xef1128+2aa28]
	chromedriver!GetHandleVerifier [0xef8bbd+324bd]
	chromedriver!GetHandleVerifier [0xedfb28+19428]
	chromedriver!GetHandleVerifier [0xedfcd5+195d5]
	chromedriver!GetHandleVerifier [0xec91cf+2acf]
	KERNEL32!BaseThreadInitThunk [0x76ccfcc9+19]
	ntdll!RtlGetAppContainerNamedObjectPath [0x778082ae+11e]
	ntdll!RtlGetAppContainerNamedObjectPath [0x7780827e+ee]

2026-05-15 05:36:36,744 [INFO] Opening profile @tian12333...
2026-05-15 05:36:49,141 [ERROR] Failed to send to @tian12333: Message: unknown error: ChromeDriver only supports characters in the BMP
  (Session info: chrome=148.0.7778.97)
Stacktrace:
	chromedriver!GetHandleVerifier [0xed7123+10a23]
	chromedriver!GetHandleVerifier [0xed7254+10b54]
	chromedriver!(No symbol) [0xcf1e90]
	chromedriver!(No symbol) [0xd744a5]
	chromedriver!(No symbol) [0xd3733b]
	chromedriver!(No symbol) [0xd36779]
	chromedriver!(No symbol) [0xd5d78c]
	chromedriver!(No symbol) [0xd31db4]
	chromedriver!(No symbol) [0xd5d954]
	chromedriver!(No symbol) [0xd7a936]
	chromedriver!(No symbol) [0xd5d526]
	chromedriver!(No symbol) [0xd308f9]
	chromedriver!(No symbol) [0xd316b4]
	chromedriver!GetHandleVerifier [0x1171ac4+2ab3c4]
	chromedriver!GetHandleVerifier [0x116d0ed+2a69ed]
	chromedriver!GetHandleVerifier [0x118e4f5+2c7df5]
	chromedriver!GetHandleVerifier [0xef1128+2aa28]
	chromedriver!GetHandleVerifier [0xef8bbd+324bd]
	chromedriver!GetHandleVerifier [0xedfb28+19428]
	chromedriver!GetHandleVerifier [0xedfcd5+195d5]
	chromedriver!GetHandleVerifier [0xec91cf+2acf]
	KERNEL32!BaseThreadInitThunk [0x76ccfcc9+19]
	ntdll!RtlGetAppContainerNamedObjectPath [0x778082ae+11e]
	ntdll!RtlGetAppContainerNamedObjectPath [0x7780827e+ee]

2026-05-15 05:36:54,152 [INFO] Opening profile @michaell_7777...
2026-05-15 05:37:06,954 [ERROR] Failed to send to @michaell_7777: Message: unknown error: ChromeDriver only supports characters in the BMP
  (Session info: chrome=148.0.7778.97)
Stacktrace:
	chromedriver!GetHandleVerifier [0xed7123+10a23]
	chromedriver!GetHandleVerifier [0xed7254+10b54]
	chromedriver!(No symbol) [0xcf1e90]
	chromedriver!(No symbol) [0xd744a5]
	chromedriver!(No symbol) [0xd3733b]
	chromedriver!(No symbol) [0xd36779]
	chromedriver!(No symbol) [0xd5d78c]
	chromedriver!(No symbol) [0xd31db4]
	chromedriver!(No symbol) [0xd5d954]
	chromedriver!(No symbol) [0xd7a936]
	chromedriver!(No symbol) [0xd5d526]
	chromedriver!(No symbol) [0xd308f9]
	chromedriver!(No symbol) [0xd316b4]
	chromedriver!GetHandleVerifier [0x1171ac4+2ab3c4]
	chromedriver!GetHandleVerifier [0x116d0ed+2a69ed]
	chromedriver!GetHandleVerifier [0x118e4f5+2c7df5]
	chromedriver!GetHandleVerifier [0xef1128+2aa28]
	chromedriver!GetHandleVerifier [0xef8bbd+324bd]
	chromedriver!GetHandleVerifier [0xedfb28+19428]
	chromedriver!GetHandleVerifier [0xedfcd5+195d5]
	chromedriver!GetHandleVerifier [0xec91cf+2acf]
	KERNEL32!BaseThreadInitThunk [0x76ccfcc9+19]
	ntdll!RtlGetAppContainerNamedObjectPath [0x778082ae+11e]
	ntdll!RtlGetAppContainerNamedObjectPath [0x7780827e+ee]

2026-05-15 05:37:11,958 [INFO] Opening profile @peazne...
2026-05-15 05:37:21,073 [ERROR] Failed to send to @peazne: Message: unknown error: ChromeDriver only supports characters in the BMP
  (Session info: chrome=148.0.7778.97)
Stacktrace:
	chromedriver!GetHandleVerifier [0xed7123+10a23]
	chromedriver!GetHandleVerifier [0xed7254+10b54]
	chromedriver!(No symbol) [0xcf1e90]
	chromedriver!(No symbol) [0xd744a5]
	chromedriver!(No symbol) [0xd3733b]
	chromedriver!(No symbol) [0xd36779]
	chromedriver!(No symbol) [0xd5d78c]
	chromedriver!(No symbol) [0xd31db4]
	chromedriver!(No symbol) [0xd5d954]
	chromedriver!(No symbol) [0xd7a936]
	chromedriver!(No symbol) [0xd5d526]
	chromedriver!(No symbol) [0xd308f9]
	chromedriver!(No symbol) [0xd316b4]
	chromedriver!GetHandleVerifier [0x1171ac4+2ab3c4]
	chromedriver!GetHandleVerifier [0x116d0ed+2a69ed]
	chromedriver!GetHandleVerifier [0x118e4f5+2c7df5]
	chromedriver!GetHandleVerifier [0xef1128+2aa28]
	chromedriver!GetHandleVerifier [0xef8bbd+324bd]
	chromedriver!GetHandleVerifier [0xedfb28+19428]
	chromedriver!GetHandleVerifier [0xedfcd5+195d5]
	chromedriver!GetHandleVerifier [0xec91cf+2acf]
	KERNEL32!BaseThreadInitThunk [0x76ccfcc9+19]
	ntdll!RtlGetAppContainerNamedObjectPath [0x778082ae+11e]
	ntdll!RtlGetAppContainerNamedObjectPath [0x7780827e+ee]

2026-05-15 05:37:26,077 [INFO] Opening profile @notvenn17...
2026-05-15 05:37:38,483 [ERROR] Failed to send to @notvenn17: Message: unknown error: ChromeDriver only supports characters in the BMP
  (Session info: chrome=148.0.7778.97)
Stacktrace:
	chromedriver!GetHandleVerifier [0xed7123+10a23]
	chromedriver!GetHandleVerifier [0xed7254+10b54]
	chromedriver!(No symbol) [0xcf1e90]
	chromedriver!(No symbol) [0xd744a5]
	chromedriver!(No symbol) [0xd3733b]
	chromedriver!(No symbol) [0xd36779]
	chromedriver!(No symbol) [0xd5d78c]
	chromedriver!(No symbol) [0xd31db4]
	chromedriver!(No symbol) [0xd5d954]
	chromedriver!(No symbol) [0xd7a936]
	chromedriver!(No symbol) [0xd5d526]
	chromedriver!(No symbol) [0xd308f9]
	chromedriver!(No symbol) [0xd316b4]
	chromedriver!GetHandleVerifier [0x1171ac4+2ab3c4]
	chromedriver!GetHandleVerifier [0x116d0ed+2a69ed]
	chromedriver!GetHandleVerifier [0x118e4f5+2c7df5]
	chromedriver!GetHandleVerifier [0xef1128+2aa28]
	chromedriver!GetHandleVerifier [0xef8bbd+324bd]
	chromedriver!GetHandleVerifier [0xedfb28+19428]
	chromedriver!GetHandleVerifier [0xedfcd5+195d5]
	chromedriver!GetHandleVerifier [0xec91cf+2acf]
	KERNEL32!BaseThreadInitThunk [0x76ccfcc9+19]
	ntdll!RtlGetAppContainerNamedObjectPath [0x778082ae+11e]
	ntdll!RtlGetAppContainerNamedObjectPath [0x7780827e+ee]

2026-05-15 05:37:43,500 [INFO] Opening profile @jarjidanajy...
2026-05-15 05:37:55,905 [ERROR] Failed to send to @jarjidanajy: Message: unknown error: ChromeDriver only supports characters in the BMP
  (Session info: chrome=148.0.7778.97)
Stacktrace:
	chromedriver!GetHandleVerifier [0xed7123+10a23]
	chromedriver!GetHandleVerifier [0xed7254+10b54]
	chromedriver!(No symbol) [0xcf1e90]
	chromedriver!(No symbol) [0xd744a5]
	chromedriver!(No symbol) [0xd3733b]
	chromedriver!(No symbol) [0xd36779]
	chromedriver!(No symbol) [0xd5d78c]
	chromedriver!(No symbol) [0xd31db4]
	chromedriver!(No symbol) [0xd5d954]
	chromedriver!(No symbol) [0xd7a936]
	chromedriver!(No symbol) [0xd5d526]
	chromedriver!(No symbol) [0xd308f9]
	chromedriver!(No symbol) [0xd316b4]
	chromedriver!GetHandleVerifier [0x1171ac4+2ab3c4]
	chromedriver!GetHandleVerifier [0x116d0ed+2a69ed]
	chromedriver!GetHandleVerifier [0x118e4f5+2c7df5]
	chromedriver!GetHandleVerifier [0xef1128+2aa28]
	chromedriver!GetHandleVerifier [0xef8bbd+324bd]
	chromedriver!GetHandleVerifier [0xedfb28+19428]
	chromedriver!GetHandleVerifier [0xedfcd5+195d5]
	chromedriver!GetHandleVerifier [0xec91cf+2acf]
	KERNEL32!BaseThreadInitThunk [0x76ccfcc9+19]
	ntdll!RtlGetAppContainerNamedObjectPath [0x778082ae+11e]
	ntdll!RtlGetAppContainerNamedObjectPath [0x7780827e+ee]

2026-05-15 05:38:00,915 [INFO] Opening profile @damnn425...
2026-05-15 05:38:11,887 [ERROR] Failed to send to @damnn425: Message: unknown error: ChromeDriver only supports characters in the BMP
  (Session info: chrome=148.0.7778.97)
Stacktrace:
	chromedriver!GetHandleVerifier [0xed7123+10a23]
	chromedriver!GetHandleVerifier [0xed7254+10b54]
	chromedriver!(No symbol) [0xcf1e90]
	chromedriver!(No symbol) [0xd744a5]
	chromedriver!(No symbol) [0xd3733b]
	chromedriver!(No symbol) [0xd36779]
	chromedriver!(No symbol) [0xd5d78c]
	chromedriver!(No symbol) [0xd31db4]
	chromedriver!(No symbol) [0xd5d954]
	chromedriver!(No symbol) [0xd7a936]
	chromedriver!(No symbol) [0xd5d526]
	chromedriver!(No symbol) [0xd308f9]
	chromedriver!(No symbol) [0xd316b4]
	chromedriver!GetHandleVerifier [0x1171ac4+2ab3c4]
	chromedriver!GetHandleVerifier [0x116d0ed+2a69ed]
	chromedriver!GetHandleVerifier [0x118e4f5+2c7df5]
	chromedriver!GetHandleVerifier [0xef1128+2aa28]
	chromedriver!GetHandleVerifier [0xef8bbd+324bd]
	chromedriver!GetHandleVerifier [0xedfb28+19428]
	chromedriver!GetHandleVerifier [0xedfcd5+195d5]
	chromedriver!GetHandleVerifier [0xec91cf+2acf]
	KERNEL32!BaseThreadInitThunk [0x76ccfcc9+19]
	ntdll!RtlGetAppContainerNamedObjectPath [0x778082ae+11e]
	ntdll!RtlGetAppContainerNamedObjectPath [0x7780827e+ee]

2026-05-15 05:38:16,895 [INFO] Opening profile @alasiaboycihuy1...
2026-05-15 05:38:32,961 [ERROR] Failed to send to @alasiaboycihuy1: Message: unknown error: ChromeDriver only supports characters in the BMP
  (Session info: chrome=148.0.7778.97)
Stacktrace:
	chromedriver!GetHandleVerifier [0xed7123+10a23]
	chromedriver!GetHandleVerifier [0xed7254+10b54]
	chromedriver!(No symbol) [0xcf1e90]
	chromedriver!(No symbol) [0xd744a5]
	chromedriver!(No symbol) [0xd3733b]
	chromedriver!(No symbol) [0xd36779]
	chromedriver!(No symbol) [0xd5d78c]
	chromedriver!(No symbol) [0xd31db4]
	chromedriver!(No symbol) [0xd5d954]
	chromedriver!(No symbol) [0xd7a936]
	chromedriver!(No symbol) [0xd5d526]
	chromedriver!(No symbol) [0xd308f9]
	chromedriver!(No symbol) [0xd316b4]
	chromedriver!GetHandleVerifier [0x1171ac4+2ab3c4]
	chromedriver!GetHandleVerifier [0x116d0ed+2a69ed]
	chromedriver!GetHandleVerifier [0x118e4f5+2c7df5]
	chromedriver!GetHandleVerifier [0xef1128+2aa28]
	chromedriver!GetHandleVerifier [0xef8bbd+324bd]
	chromedriver!GetHandleVerifier [0xedfb28+19428]
	chromedriver!GetHandleVerifier [0xedfcd5+195d5]
	chromedriver!GetHandleVerifier [0xec91cf+2acf]
	KERNEL32!BaseThreadInitThunk [0x76ccfcc9+19]
	ntdll!RtlGetAppContainerNamedObjectPath [0x778082ae+11e]
	ntdll!RtlGetAppContainerNamedObjectPath [0x7780827e+ee]

2026-05-15 07:35:31,295 [INFO] Username list updated: 1 entries
2026-05-15 07:35:32,002 [INFO] ====== WebDriver manager ======
2026-05-15 07:35:52,151 [INFO] Username list updated: 0 entries
2026-05-15 07:36:00,160 [INFO] Get LATEST chromedriver version for google-chrome
2026-05-15 07:36:00,339 [INFO] Get LATEST chromedriver version for google-chrome
2026-05-15 07:36:00,448 [INFO] Driver [C:\Users\mayob\.wdm\drivers\chromedriver\win64\148.0.7778.167\chromedriver-win32/chromedriver.exe] found in cache
2026-05-15 07:36:04,078 [INFO] Opening TikTok login page...
2026-05-15 07:36:12,747 [INFO] Waiting for login response...
2026-05-15 07:36:22,586 [INFO] Login successful!
2026-05-15 07:36:22,697 [INFO] Cookies saved -> tiktok_cookies.pkl
2026-05-15 07:36:22,704 [INFO] Opening profile @zou_8u...
2026-05-15 07:36:55,192 [INFO] Message sent to @zou_8u
2026-05-15 07:37:37,945 [INFO] Username list updated: 1 entries
2026-05-15 07:37:38,751 [INFO] Username list updated: 0 entries
2026-05-15 07:37:48,520 [INFO] Username list updated: 1 entries
2026-05-15 07:37:49,063 [INFO] ====== WebDriver manager ======
2026-05-15 07:38:15,244 [INFO] Get LATEST chromedriver version for google-chrome
2026-05-15 07:38:15,342 [INFO] Get LATEST chromedriver version for google-chrome
2026-05-15 07:38:15,446 [INFO] Driver [C:\Users\mayob\.wdm\drivers\chromedriver\win64\148.0.7778.167\chromedriver-win32/chromedriver.exe] found in cache
2026-05-15 07:38:18,099 [INFO] Found saved cookies — attempting to restore session...
2026-05-15 07:38:27,951 [INFO] Session restored!
2026-05-15 07:38:27,951 [INFO] Opening profile @zou_8u...
2026-05-15 07:38:48,532 [INFO] Message sent to @zou_8u
2026-05-15 07:39:00,817 [INFO] Username list updated: 0 entries
2026-05-15 07:43:45,815 [INFO] Credentials saved → saved_credentials.json
2026-05-15 07:43:45,844 [INFO] ====== WebDriver manager ======
2026-05-15 07:44:04,943 [INFO] Get LATEST chromedriver version for google-chrome
2026-05-15 07:44:05,061 [INFO] Get LATEST chromedriver version for google-chrome
2026-05-15 07:44:05,163 [INFO] Driver [C:\Users\mayob\.wdm\drivers\chromedriver\win64\148.0.7778.167\chromedriver-win32/chromedriver.exe] found in cache
2026-05-15 07:44:07,216 [INFO] Found saved cookies — attempting to restore session...
2026-05-15 07:44:17,780 [INFO] Session restored — login skipped!
2026-05-15 07:44:17,783 [INFO] Username list saved → saved_usernames.json (12 entries)
2026-05-15 07:44:17,784 [INFO] Opening profile @zou_8u...
2026-05-15 07:44:32,710 [INFO] Message sent to @zou_8u
2026-05-15 07:44:37,723 [INFO] Opening profile @xellzqx...
2026-05-15 07:44:54,168 [INFO] Message sent to @xellzqx
2026-05-15 07:44:59,174 [INFO] Opening profile @unodostres_191...
2026-05-15 07:45:14,787 [INFO] Message sent to @unodostres_191
2026-05-15 07:45:19,808 [INFO] Opening profile @eltrenggiling...
2026-05-15 07:45:36,135 [INFO] Message sent to @eltrenggiling
2026-05-15 07:45:41,140 [INFO] Opening profile @revandrafransisco...
2026-05-15 07:45:56,805 [INFO] Message sent to @revandrafransisco
2026-05-15 07:46:01,814 [INFO] Opening profile @tian12333...
2026-05-15 07:46:17,527 [INFO] Message sent to @tian12333
2026-05-15 07:46:22,559 [INFO] Opening profile @michaell_7777...
2026-05-15 07:46:41,685 [INFO] Message sent to @michaell_7777
2026-05-15 07:46:46,718 [INFO] Opening profile @peazne...
2026-05-15 07:47:02,195 [INFO] Message sent to @peazne
2026-05-15 07:47:07,206 [INFO] Opening profile @notvenn17...
2026-05-15 07:47:23,075 [INFO] Message sent to @notvenn17
2026-05-15 07:47:28,085 [INFO] Opening profile @jarjidanajy...
2026-05-15 07:47:43,356 [INFO] Message sent to @jarjidanajy
2026-05-15 07:47:48,364 [INFO] Opening profile @damnn425...
2026-05-15 07:48:03,784 [INFO] Message sent to @damnn425
2026-05-15 07:48:08,788 [INFO] Opening profile @alasiaboycihuy1...
2026-05-15 07:48:25,611 [INFO] Message sent to @alasiaboycihuy1
